---
source: tests/snapshots.rs
expression: "help_output(&[\"show\", \"--help\"])"
---
Show session transcript

Usage:
  ah show [OPTIONS] [SESSION]

If SESSION is omitted, ah shows the latest session matching stdin, -q, and other filters.

Options:
  --head N                Show first N messages only
  --pretty                Pretty-print with colors (default)
  --raw                   Output raw session file content
  --json                  Output normalized JSON Lines ({"role":"user","text":"..."})
  --md                    Output as Markdown (## User / ## Assistant headers)
  -f, --follow            Follow session output in real-time (like tail -f)

Interactive mode:
  -i, --interactive       Select session via fuzzy finder then show it
  -o, --fields <FIELDS>   Display fields in interactive mode (default: agent,project,modified_at,title)
  -s <CMD>                Selector command (default: $AH_SELECTOR or fzf)
  --no-preview            Disable transcript preview

Global options:
  -a, --all               Show all sessions (disable default cwd filtering)
  --agent <NAME>          Filter by agent name (e.g. claude, codex, gemini)
  --project <NAME>        Filter by project name
  -d, --dir <PATH>        Filter by working directory (default: current directory)
  -q, --query <REGEX>     Full-text search query (regex, case-insensitive)
  -p, --prompt-only       Search only user prompts (use with -q)
  -n, --limit N           Max session files to scan (default: 0, no limit)
  --since <SPEC>          Show sessions newer than (e.g. "2026-03-20", "3d", "1w", "2m" = ~60 days)
  --until <SPEC>          Show sessions older than (e.g. "2026-03-20", "3d", "1w", "2m" = ~60 days)
  --running               Show only currently running sessions (Claude only for now)
  --color                 Force colored output (even through pipes)
  --no-color              Disable colored output
  --no-pager              Disable automatic pager
  --debug                 Show debug info (glob expansion, scan counts, timing) on stderr
